// Jest Snapshot v1, https://goo.gl/fbAQLP

exports[`it renders correctly 1`] = `
<tbody>
  <tr>
    <td>
      <div
        className="foodDetails"
      >
        <div
          className="imgContainer"
        >
          <img
            alt="foodImg"
            className="img"
          />
        </div>
        <h4 />
        <button
          className="btn btn-secondary"
          type="button"
        >
          <a
            className="link"
            href="/foodDetails/undefined"
            onClick={[Function]}
          >
            <h4>
              Food Details
            </h4>
          </a>
        </button>
      </div>
    </td>
  </tr>
</tbody>
`;
